[33mWarning: Starting in Storybook 8.5.0-alpha.18, the "test.include" option in Vitest is discouraged in favor of just using the "stories" field in your Storybook configuration.

The values you passed to "test.include" will be ignored, please remove them from your Vitest configuration where the Storybook plugin is applied.

More info: https://github.com/storybookjs/storybook/blob/next/MIGRATION.md#addon-test-indexing-behavior-of-storybookaddon-test-is-changed[39m

[1m[46m RUN [49m[22m [36mv4.1.0 [39m[90mD:/repositories/myAgentic-IT-Project-team-V2/src/webapp/ui[39m

 [32mΓ£ô[39m [30m[42m unit [49m[39m src/hooks/use-drift.test.ts [2m([22m[2m1 test[22m[2m)[22m[32m 112[2mms[22m[39m
 [32mΓ£ô[39m [30m[42m unit [49m[39m src/components/ui/card.test.tsx [2m([22m[2m11 tests[22m[2m)[22m[32m 242[2mms[22m[39m
 [32mΓ£ô[39m [30m[42m unit [49m[39m src/hooks/use-progress.test.ts [2m([22m[2m1 test[22m[2m)[22m[32m 107[2mms[22m[39m
 [32mΓ£ô[39m [30m[42m unit [49m[39m src/components/ui/progress.test.tsx [2m([22m[2m8 tests[22m[2m)[22m[33m 333[2mms[22m[39m
 [32mΓ£ô[39m [30m[42m unit [49m[39m src/hooks/use-dashboard.test.ts [2m([22m[2m4 tests[22m[2m)[22m[33m 375[2mms[22m[39m
 [32mΓ£ô[39m [30m[42m unit [49m[39m src/components/ui/alert-banner.test.tsx [2m([22m[2m10 tests[22m[2m)[22m[33m 363[2mms[22m[39m
 [32mΓ£ô[39m [30m[42m unit [49m[39m src/components/ui/loading.test.tsx [2m([22m[2m10 tests[22m[2m)[22m[33m 367[2mms[22m[39m
 [32mΓ£ô[39m [30m[42m unit [49m[39m src/components/ui/toast-system.test.tsx [2m([22m[2m5 tests[22m[2m)[22m[32m 135[2mms[22m[39m
 [32mΓ£ô[39m [30m[42m unit [49m[39m src/components/ui/metric-card.test.tsx [2m([22m[2m9 tests[22m[2m)[22m[33m 456[2mms[22m[39m
 [32mΓ£ô[39m [30m[42m unit [49m[39m src/hooks/use-questionnaires.test.ts [2m([22m[2m4 tests[22m[2m)[22m[33m 375[2mms[22m[39m
 [32mΓ£ô[39m [30m[42m unit [49m[39m src/components/ui/side-panel.test.tsx [2m([22m[2m7 tests[22m[2m)[22m[33m 663[2mms[22m[39m
 [32mΓ£ô[39m [30m[42m unit [49m[39m src/components/ui/button.test.tsx [2m([22m[2m7 tests[22m[2m)[22m[33m 509[2mms[22m[39m
 [32mΓ£ô[39m [30m[42m unit [49m[39m src/components/ui/form-row.test.tsx [2m([22m[2m7 tests[22m[2m)[22m[32m 259[2mms[22m[39m
 [32mΓ£ô[39m [30m[42m unit [49m[39m src/hooks/use-milestones.test.ts [2m([22m[2m7 tests[22m[2m)[22m[33m 608[2mms[22m[39m
 [32mΓ£ô[39m [30m[42m unit [49m[39m src/hooks/use-decisions.test.ts [2m([22m[2m7 tests[22m[2m)[22m[33m 682[2mms[22m[39m
stderr | src/components/ui/confirm-dialog.test.tsx > ConfirmDialog > renders title and message
Warning: Function components cannot be given refs. Attempts to access this ref will fail. Did you mean to use React.forwardRef()?

Check the render method of `Primitive.div.SlotClone`.
    at DialogOverlay (D:/repositories/myAgentic-IT-Project-team-V2/src/webapp/ui/src/components/ui/dialog.tsx:53:3)
    at file:///D:/repositories/myAgentic-IT-Project-team-V2/src/webapp/ui/node_modules/@radix-ui/react-slot/dist/index.mjs:33:13
    at file:///D:/repositories/myAgentic-IT-Project-team-V2/src/webapp/ui/node_modules/@radix-ui/react-slot/dist/index.mjs:9:13
    at file:///D:/repositories/myAgentic-IT-Project-team-V2/src/webapp/ui/node_modules/@radix-ui/react-primitive/dist/index.mjs:28:13
    at file:///D:/repositories/myAgentic-IT-Project-team-V2/src/webapp/ui/node_modules/@radix-ui/react-portal/dist/index.mjs:11:22
    at Presence (file:///D:/repositories/myAgentic-IT-Project-team-V2/src/webapp/ui/node_modules/@radix-ui/react-presence/dist/index.mjs:19:11)
    at Provider (file:///D:/repositories/myAgentic-IT-Project-team-V2/src/webapp/ui/node_modules/@radix-ui/react-context/dist/index.mjs:27:15)
    at DialogPortal (file:///D:/repositories/myAgentic-IT-Project-team-V2/src/webapp/ui/node_modules/@radix-ui/react-dialog/dist/index.mjs:85:11)
    at DialogPortal (D:/repositories/myAgentic-IT-Project-team-V2/src/webapp/ui/src/components/ui/dialog.tsx:35:6)
    at DialogContent (D:/repositories/myAgentic-IT-Project-team-V2/src/webapp/ui/src/components/ui/dialog.tsx:77:3)
    at Provider (file:///D:/repositories/myAgentic-IT-Project-team-V2/src/webapp/ui/node_modules/@radix-ui/react-context/dist/index.mjs:27:15)
    at Dialog (file:///D:/repositories/myAgentic-IT-Project-team-V2/src/webapp/ui/node_modules/@radix-ui/react-dialog/dist/index.mjs:25:5)
    at Dialog (D:/repositories/myAgentic-IT-Project-team-V2/src/webapp/ui/src/components/ui/dialog.tsx:17:6)
    at ModalDialog (D:/repositories/myAgentic-IT-Project-team-V2/src/webapp/ui/src/components/ui/modal-dialog.tsx:20:3)
    at ConfirmDialog (D:/repositories/myAgentic-IT-Project-team-V2/src/webapp/ui/src/components/ui/confirm-dialog.tsx:7:3)
Warning: Function components cannot be given refs. Attempts to access this ref will fail. Did you mean to use React.forwardRef()?

Check the render method of `ConfirmDialog`.
    at Button (D:/repositories/myAgentic-IT-Project-team-V2/src/webapp/ui/src/components/ui/button.tsx:38:3)
    at div
    at DialogFooter (D:/repositories/myAgentic-IT-Project-team-V2/src/webapp/ui/src/components/ui/dialog.tsx:162:3)
    at div
    at file:///D:/repositories/myAgentic-IT-Project-team-V2/src/webapp/ui/node_modules/@radix-ui/react-primitive/dist/index.mjs:28:13
    at file:///D:/repositories/myAgentic-IT-Project-team-V2/src/webapp/ui/node_modules/@radix-ui/react-dismissable-layer/dist/index.mjs:24:7
    at file:///D:/repositories/myAgentic-IT-Project-team-V2/src/webapp/ui/node_modules/@radix-ui/react-slot/dist/index.mjs:33:13
    at file:///D:/repositories/myAgentic-IT-Project-team-V2/src/webapp/ui/node_modules/@radix-ui/react-slot/dist/index.mjs:9:13
    at file:///D:/repositories/myAgentic-IT-Project-team-V2/src/webapp/ui/node_modules/@radix-ui/react-primitive/dist/index.mjs:28:13
    at file:///D:/repositories/myAgentic-IT-Project-team-V2/src/webapp/ui/node_modules/@radix-ui/react-focus-scope/dist/index.mjs:15:5
    at file:///D:/repositories/myAgentic-IT-Project-team-V2/src/webapp/ui/node_modules/@radix-ui/react-dialog/dist/index.mjs:206:13
    at file:///D:/repositories/myAgentic-IT-Project-team-V2/src/webapp/ui/node_modules/@radix-ui/react-dialog/dist/index.mjs:132:58
    at Presence (file:///D:/repositories/myAgentic-IT-Project-team-V2/src/webapp/ui/node_modules/@radix-ui/react-presence/dist/index.mjs:19:11)
    at file:///D:/repositories/myAgentic-IT-Project-team-V2/src/webapp/ui/node_modules/@radix-ui/react-dialog/dist/index.mjs:123:64
    at file:///D:/repositories/myAgentic-IT-Project-team-V2/src/webapp/ui/node_modules/@radix-ui/react-slot/dist/index.mjs:33:13
    at file:///D:/repositories/myAgentic-IT-Project-team-V2/src/webapp/ui/node_modules/@radix-ui/react-slot/dist/index.mjs:9:13
    at file:///D:/repositories/myAgentic-IT-Project-team-V2/src/webapp/ui/node_modules/@radix-ui/react-primitive/dist/index.mjs:28:13
    at file:///D:/repositories/myAgentic-IT-Project-team-V2/src/webapp/ui/node_modules/@radix-ui/react-portal/dist/index.mjs:11:22
    at Presence (file:///D:/repositories/myAgentic-IT-Project-team-V2/src/webapp/ui/node_modules/@radix-ui/react-presence/dist/index.mjs:19:11)
    at Provider (file:///D:/repositories/myAgentic-IT-Project-team-V2/src/webapp/ui/node_modules/@radix-ui/react-context/dist/index.mjs:27:15)
    at DialogPortal (file:///D:/repositories/myAgentic-IT-Project-team-V2/src/webapp/ui/node_modules/@radix-ui/react-dialog/dist/index.mjs:85:11)
    at DialogPortal (D:/repositories/myAgentic-IT-Project-team-V2/src/webapp/ui/src/components/ui/dialog.tsx:35:6)
    at DialogContent (D:/repositories/myAgentic-IT-Project-team-V2/src/webapp/ui/src/components/ui/dialog.tsx:77:3)
    at Provider (file:///D:/repositories/myAgentic-IT-Project-team-V2/src/webapp/ui/node_modules/@radix-ui/react-context/dist/index.mjs:27:15)
    at Dialog (file:///D:/repositories/myAgentic-IT-Project-team-V2/src/webapp/ui/node_modules/@radix-ui/react-dialog/dist/index.mjs:25:5)
    at Dialog (D:/repositories/myAgentic-IT-Project-team-V2/src/webapp/ui/src/components/ui/dialog.tsx:17:6)
    at ModalDialog (D:/repositories/myAgentic-IT-Project-team-V2/src/webapp/ui/src/components/ui/modal-dialog.tsx:20:3)
    at ConfirmDialog (D:/repositories/myAgentic-IT-Project-team-V2/src/webapp/ui/src/components/ui/confirm-dialog.tsx:7:3)

stderr | src/components/ui/modal-dialog.test.tsx > ModalDialog > renders with role=dialog
Warning: Function components cannot be given refs. Attempts to access this ref will fail. Did you mean to use React.forwardRef()?

Check the render method of `Primitive.div.SlotClone`.
    at DialogOverlay (D:/repositories/myAgentic-IT-Project-team-V2/src/webapp/ui/src/components/ui/dialog.tsx:53:3)
    at file:///D:/repositories/myAgentic-IT-Project-team-V2/src/webapp/ui/node_modules/@radix-ui/react-slot/dist/index.mjs:33:13
    at file:///D:/repositories/myAgentic-IT-Project-team-V2/src/webapp/ui/node_modules/@radix-ui/react-slot/dist/index.mjs:9:13
    at file:///D:/repositories/myAgentic-IT-Project-team-V2/src/webapp/ui/node_modules/@radix-ui/react-primitive/dist/index.mjs:28:13
    at file:///D:/repositories/myAgentic-IT-Project-team-V2/src/webapp/ui/node_modules/@radix-ui/react-portal/dist/index.mjs:11:22
    at Presence (file:///D:/repositories/myAgentic-IT-Project-team-V2/src/webapp/ui/node_modules/@radix-ui/react-presence/dist/index.mjs:19:11)
    at Provider (file:///D:/repositories/myAgentic-IT-Project-team-V2/src/webapp/ui/node_modules/@radix-ui/react-context/dist/index.mjs:27:15)
    at DialogPortal (file:///D:/repositories/myAgentic-IT-Project-team-V2/src/webapp/ui/node_modules/@radix-ui/react-dialog/dist/index.mjs:85:11)
    at DialogPortal (D:/repositories/myAgentic-IT-Project-team-V2/src/webapp/ui/src/components/ui/dialog.tsx:35:6)
    at DialogContent (D:/repositories/myAgentic-IT-Project-team-V2/src/webapp/ui/src/components/ui/dialog.tsx:77:3)
    at Provider (file:///D:/repositories/myAgentic-IT-Project-team-V2/src/webapp/ui/node_modules/@radix-ui/react-context/dist/index.mjs:27:15)
    at Dialog (file:///D:/repositories/myAgentic-IT-Project-team-V2/src/webapp/ui/node_modules/@radix-ui/react-dialog/dist/index.mjs:25:5)
    at Dialog (D:/repositories/myAgentic-IT-Project-team-V2/src/webapp/ui/src/components/ui/dialog.tsx:17:6)
    at ModalDialog (D:/repositories/myAgentic-IT-Project-team-V2/src/webapp/ui/src/components/ui/modal-dialog.tsx:20:3)
Warning: Missing `Description` or `aria-describedby={undefined}` for {DialogContent}.

Error: Test error
    at ThrowingComponent (D:/repositories/myAgentic-IT-Project-team-V2/src/webapp/ui/src/components/ui/empty-state.test.tsx:38:28)
    at renderWithHooks (D:\repositories\myAgentic-IT-Project-team-V2\src\webapp\ui\node_modules\react-dom\cjs\react-dom.development.js:15486:18)
    at mountIndeterminateComponent (D:\repositories\myAgentic-IT-Project-team-V2\src\webapp\ui\node_modules\react-dom\cjs\react-dom.development.js:20103:13)
    at beginWork (D:\repositories\myAgentic-IT-Project-team-V2\src\webapp\ui\node_modules\react-dom\cjs\react-dom.development.js:21626:16)
    at HTMLUnknownElement.callCallback (D:\repositories\myAgentic-IT-Project-team-V2\src\webapp\ui\node_modules\react-dom\cjs\react-dom.development.js:4164:14)
    at HTMLUnknownElement.callTheUserObjectsOperation (D:\repositories\myAgentic-IT-Project-team-V2\src\webapp\ui\node_modules\jsdom\lib\generated\idl\EventListener.js:26:30)
    at innerInvokeEventListeners (D:\repositories\myAgentic-IT-Project-team-V2\src\webapp\ui\node_modules\jsdom\lib\jsdom\living\events\EventTarget-impl.js:360:16)
    at invokeEventListeners (D:\repositories\myAgentic-IT-Project-team-V2\src\webapp\ui\node_modules\jsdom\lib\jsdom\living\events\EventTarget-impl.js:296:3)
    at HTMLUnknownElementImpl._dispatch (D:\repositories\myAgentic-IT-Project-team-V2\src\webapp\ui\node_modules\jsdom\lib\jsdom\living\events\EventTarget-impl.js:243:9)
    at HTMLUnknownElementImpl.dispatchEvent (D:\repositories\myAgentic-IT-Project-team-V2\src\webapp\ui\node_modules\jsdom\lib\jsdom\living\events\EventTarget-impl.js:114:17)
Error: Test error
    at ThrowingComponent (D:/repositories/myAgentic-IT-Project-team-V2/src/webapp/ui/src/components/ui/empty-state.test.tsx:38:28)
    at renderWithHooks (D:\repositories\myAgentic-IT-Project-team-V2\src\webapp\ui\node_modules\react-dom\cjs\react-dom.development.js:15486:18)
    at mountIndeterminateComponent (D:\repositories\myAgentic-IT-Project-team-V2\src\webapp\ui\node_modules\react-dom\cjs\react-dom.development.js:20103:13)
    at beginWork (D:\repositories\myAgentic-IT-Project-team-V2\src\webapp\ui\node_modules\react-dom\cjs\react-dom.development.js:21626:16)
    at HTMLUnknownElement.callCallback (D:\repositories\myAgentic-IT-Project-team-V2\src\webapp\ui\node_modules\react-dom\cjs\react-dom.development.js:4164:14)
    at HTMLUnknownElement.callTheUserObjectsOperation (D:\repositories\myAgentic-IT-Project-team-V2\src\webapp\ui\node_modules\jsdom\lib\generated\idl\EventListener.js:26:30)
    at innerInvokeEventListeners (D:\repositories\myAgentic-IT-Project-team-V2\src\webapp\ui\node_modules\jsdom\lib\jsdom\living\events\EventTarget-impl.js:360:16)
    at invokeEventListeners (D:\repositories\myAgentic-IT-Project-team-V2\src\webapp\ui\node_modules\jsdom\lib\jsdom\living\events\EventTarget-impl.js:296:3)
    at HTMLUnknownElementImpl._dispatch (D:\repositories\myAgentic-IT-Project-team-V2\src\webapp\ui\node_modules\jsdom\lib\jsdom\living\events\EventTarget-impl.js:243:9)
    at HTMLUnknownElementImpl.dispatchEvent (D:\repositories\myAgentic-IT-Project-team-V2\src\webapp\ui\node_modules\jsdom\lib\jsdom\living\events\EventTarget-impl.js:114:17)
Error: Test error
    at ThrowingComponent (D:/repositories/myAgentic-IT-Project-team-V2/src/webapp/ui/src/components/ui/empty-state.test.tsx:38:28)
    at renderWithHooks (D:\repositories\myAgentic-IT-Project-team-V2\src\webapp\ui\node_modules\react-dom\cjs\react-dom.development.js:15486:18)
    at mountIndeterminateComponent (D:\repositories\myAgentic-IT-Project-team-V2\src\webapp\ui\node_modules\react-dom\cjs\react-dom.development.js:20103:13)
    at beginWork (D:\repositories\myAgentic-IT-Project-team-V2\src\webapp\ui\node_modules\react-dom\cjs\react-dom.development.js:21626:16)
    at HTMLUnknownElement.callCallback (D:\repositories\myAgentic-IT-Project-team-V2\src\webapp\ui\node_modules\react-dom\cjs\react-dom.development.js:4164:14)
    at HTMLUnknownElement.callTheUserObjectsOperation (D:\repositories\myAgentic-IT-Project-team-V2\src\webapp\ui\node_modules\jsdom\lib\generated\idl\EventListener.js:26:30)
    at innerInvokeEventListeners (D:\repositories\myAgentic-IT-Project-team-V2\src\webapp\ui\node_modules\jsdom\lib\jsdom\living\events\EventTarget-impl.js:360:16)
    at invokeEventListeners (D:\repositories\myAgentic-IT-Project-team-V2\src\webapp\ui\node_modules\jsdom\lib\jsdom\living\events\EventTarget-impl.js:296:3)
    at HTMLUnknownElementImpl._dispatch (D:\repositories\myAgentic-IT-Project-team-V2\src\webapp\ui\node_modules\jsdom\lib\jsdom\living\events\EventTarget-impl.js:243:9)
    at HTMLUnknownElementImpl.dispatchEvent (D:\repositories\myAgentic-IT-Project-team-V2\src\webapp\ui\node_modules\jsdom\lib\jsdom\living\events\EventTarget-impl.js:114:17)
Error: Test error
    at ThrowingComponent (D:/repositories/myAgentic-IT-Project-team-V2/src/webapp/ui/src/components/ui/empty-state.test.tsx:38:28)
    at renderWithHooks (D:\repositories\myAgentic-IT-Project-team-V2\src\webapp\ui\node_modules\react-dom\cjs\react-dom.development.js:15486:18)
    at mountIndeterminateComponent (D:\repositories\myAgentic-IT-Project-team-V2\src\webapp\ui\node_modules\react-dom\cjs\react-dom.development.js:20103:13)
    at beginWork (D:\repositories\myAgentic-IT-Project-team-V2\src\webapp\ui\node_modules\react-dom\cjs\react-dom.development.js:21626:16)
    at HTMLUnknownElement.callCallback (D:\repositories\myAgentic-IT-Project-team-V2\src\webapp\ui\node_modules\react-dom\cjs\react-dom.development.js:4164:14)
    at HTMLUnknownElement.callTheUserObjectsOperation (D:\repositories\myAgentic-IT-Project-team-V2\src\webapp\ui\node_modules\jsdom\lib\generated\idl\EventListener.js:26:30)
    at innerInvokeEventListeners (D:\repositories\myAgentic-IT-Project-team-V2\src\webapp\ui\node_modules\jsdom\lib\jsdom\living\events\EventTarget-impl.js:360:16)
    at invokeEventListeners (D:\repositories\myAgentic-IT-Project-team-V2\src\webapp\ui\node_modules\jsdom\lib\jsdom\living\events\EventTarget-impl.js:296:3)
    at HTMLUnknownElementImpl._dispatch (D:\repositories\myAgentic-IT-Project-team-V2\src\webapp\ui\node_modules\jsdom\lib\jsdom\living\events\EventTarget-impl.js:243:9)
    at HTMLUnknownElementImpl.dispatchEvent (D:\repositories\myAgentic-IT-Project-team-V2\src\webapp\ui\node_modules\jsdom\lib\jsdom\living\events\EventTarget-impl.js:114:17)
Error: Test error
    at ThrowingComponent (D:/repositories/myAgentic-IT-Project-team-V2/src/webapp/ui/src/components/ui/empty-state.test.tsx:38:28)
    at renderWithHooks (D:\repositories\myAgentic-IT-Project-team-V2\src\webapp\ui\node_modules\react-dom\cjs\react-dom.development.js:15486:18)
    at mountIndeterminateComponent (D:\repositories\myAgentic-IT-Project-team-V2\src\webapp\ui\node_modules\react-dom\cjs\react-dom.development.js:20103:13)
    at beginWork (D:\repositories\myAgentic-IT-Project-team-V2\src\webapp\ui\node_modules\react-dom\cjs\react-dom.development.js:21626:16)
    at HTMLUnknownElement.callCallback (D:\repositories\myAgentic-IT-Project-team-V2\src\webapp\ui\node_modules\react-dom\cjs\react-dom.development.js:4164:14)
    at HTMLUnknownElement.callTheUserObjectsOperation (D:\repositories\myAgentic-IT-Project-team-V2\src\webapp\ui\node_modules\jsdom\lib\generated\idl\EventListener.js:26:30)
    at innerInvokeEventListeners (D:\repositories\myAgentic-IT-Project-team-V2\src\webapp\ui\node_modules\jsdom\lib\jsdom\living\events\EventTarget-impl.js:360:16)
    at invokeEventListeners (D:\repositories\myAgentic-IT-Project-team-V2\src\webapp\ui\node_modules\jsdom\lib\jsdom\living\events\EventTarget-impl.js:296:3)
    at HTMLUnknownElementImpl._dispatch (D:\repositories\myAgentic-IT-Project-team-V2\src\webapp\ui\node_modules\jsdom\lib\jsdom\living\events\EventTarget-impl.js:243:9)
    at HTMLUnknownElementImpl.dispatchEvent (D:\repositories\myAgentic-IT-Project-team-V2\src\webapp\ui\node_modules\jsdom\lib\jsdom\living\events\EventTarget-impl.js:114:17)
Error: Test error
    at ThrowingComponent (D:/repositories/myAgentic-IT-Project-team-V2/src/webapp/ui/src/components/ui/empty-state.test.tsx:38:28)
    at renderWithHooks (D:\repositories\myAgentic-IT-Project-team-V2\src\webapp\ui\node_modules\react-dom\cjs\react-dom.development.js:15486:18)
    at mountIndeterminateComponent (D:\repositories\myAgentic-IT-Project-team-V2\src\webapp\ui\node_modules\react-dom\cjs\react-dom.development.js:20103:13)
    at beginWork (D:\repositories\myAgentic-IT-Project-team-V2\src\webapp\ui\node_modules\react-dom\cjs\react-dom.development.js:21626:16)
    at HTMLUnknownElement.callCallback (D:\repositories\myAgentic-IT-Project-team-V2\src\webapp\ui\node_modules\react-dom\cjs\react-dom.development.js:4164:14)
    at HTMLUnknownElement.callTheUserObjectsOperation (D:\repositories\myAgentic-IT-Project-team-V2\src\webapp\ui\node_modules\jsdom\lib\generated\idl\EventListener.js:26:30)
    at innerInvokeEventListeners (D:\repositories\myAgentic-IT-Project-team-V2\src\webapp\ui\node_modules\jsdom\lib\jsdom\living\events\EventTarget-impl.js:360:16)
    at invokeEventListeners (D:\repositories\myAgentic-IT-Project-team-V2\src\webapp\ui\node_modules\jsdom\lib\jsdom\living\events\EventTarget-impl.js:296:3)
    at HTMLUnknownElementImpl._dispatch (D:\repositories\myAgentic-IT-Project-team-V2\src\webapp\ui\node_modules\jsdom\lib\jsdom\living\events\EventTarget-impl.js:243:9)
    at HTMLUnknownElementImpl.dispatchEvent (D:\repositories\myAgentic-IT-Project-team-V2\src\webapp\ui\node_modules\jsdom\lib\jsdom\living\events\EventTarget-impl.js:114:17)
 [32mΓ£ô[39m [30m[42m unit [49m[39m src/components/ui/badge.test.tsx [2m([22m[2m10 tests[22m[2m)[22m[33m 305[2mms[22m[39m
Error: Test error
    at ThrowingComponent (D:/repositories/myAgentic-IT-Project-team-V2/src/webapp/ui/src/components/ui/empty-state.test.tsx:38:28)
    at renderWithHooks (D:\repositories\myAgentic-IT-Project-team-V2\src\webapp\ui\node_modules\react-dom\cjs\react-dom.development.js:15486:18)
    at mountIndeterminateComponent (D:\repositories\myAgentic-IT-Project-team-V2\src\webapp\ui\node_modules\react-dom\cjs\react-dom.development.js:20103:13)
    at beginWork (D:\repositories\myAgentic-IT-Project-team-V2\src\webapp\ui\node_modules\react-dom\cjs\react-dom.development.js:21626:16)
    at HTMLUnknownElement.callCallback (D:\repositories\myAgentic-IT-Project-team-V2\src\webapp\ui\node_modules\react-dom\cjs\react-dom.development.js:4164:14)
    at HTMLUnknownElement.callTheUserObjectsOperation (D:\repositories\myAgentic-IT-Project-team-V2\src\webapp\ui\node_modules\jsdom\lib\generated\idl\EventListener.js:26:30)
    at innerInvokeEventListeners (D:\repositories\myAgentic-IT-Project-team-V2\src\webapp\ui\node_modules\jsdom\lib\jsdom\living\events\EventTarget-impl.js:360:16)
    at invokeEventListeners (D:\repositories\myAgentic-IT-Project-team-V2\src\webapp\ui\node_modules\jsdom\lib\jsdom\living\events\EventTarget-impl.js:296:3)
    at HTMLUnknownElementImpl._dispatch (D:\repositories\myAgentic-IT-Project-team-V2\src\webapp\ui\node_modules\jsdom\lib\jsdom\living\events\EventTarget-impl.js:243:9)
    at HTMLUnknownElementImpl.dispatchEvent (D:\repositories\myAgentic-IT-Project-team-V2\src\webapp\ui\node_modules\jsdom\lib\jsdom\living\events\EventTarget-impl.js:114:17)
 [32mΓ£ô[39m [30m[42m unit [49m[39m src/components/ui/switch-field.test.tsx [2m([22m[2m7 tests[22m[2m)[22m[33m 515[2mms[22m[39m
Error: Test error
    at ThrowingComponent (D:/repositories/myAgentic-IT-Project-team-V2/src/webapp/ui/src/components/ui/empty-state.test.tsx:38:28)
    at renderWithHooks (D:\repositories\myAgentic-IT-Project-team-V2\src\webapp\ui\node_modules\react-dom\cjs\react-dom.development.js:15486:18)
    at mountIndeterminateComponent (D:\repositories\myAgentic-IT-Project-team-V2\src\webapp\ui\node_modules\react-dom\cjs\react-dom.development.js:20103:13)
    at beginWork (D:\repositories\myAgentic-IT-Project-team-V2\src\webapp\ui\node_modules\react-dom\cjs\react-dom.development.js:21626:16)
    at HTMLUnknownElement.callCallback (D:\repositories\myAgentic-IT-Project-team-V2\src\webapp\ui\node_modules\react-dom\cjs\react-dom.development.js:4164:14)
    at HTMLUnknownElement.callTheUserObjectsOperation (D:\repositories\myAgentic-IT-Project-team-V2\src\webapp\ui\node_modules\jsdom\lib\generated\idl\EventListener.js:26:30)
    at innerInvokeEventListeners (D:\repositories\myAgentic-IT-Project-team-V2\src\webapp\ui\node_modules\jsdom\lib\jsdom\living\events\EventTarget-impl.js:360:16)
    at invokeEventListeners (D:\repositories\myAgentic-IT-Project-team-V2\src\webapp\ui\node_modules\jsdom\lib\jsdom\living\events\EventTarget-impl.js:296:3)
    at HTMLUnknownElementImpl._dispatch (D:\repositories\myAgentic-IT-Project-team-V2\src\webapp\ui\node_modules\jsdom\lib\jsdom\living\events\EventTarget-impl.js:243:9)
    at HTMLUnknownElementImpl.dispatchEvent (D:\repositories\myAgentic-IT-Project-team-V2\src\webapp\ui\node_modules\jsdom\lib\jsdom\living\events\EventTarget-impl.js:114:17)
 [32mΓ£ô[39m [30m[42m unit [49m[39m src/components/ui/empty-state.test.tsx [2m([22m[2m9 tests[22m[2m)[22m[33m 371[2mms[22m[39m
stderr | src/components/ui/modal-dialog.test.tsx > ModalDialog > displays title
Warning: Missing `Description` or `aria-describedby={undefined}` for {DialogContent}.

 [32mΓ£ô[39m [30m[42m unit [49m[39m src/components/ui/input-field.test.tsx [2m([22m[2m8 tests[22m[2m)[22m[33m 598[2mms[22m[39m
 [32mΓ£ô[39m [30m[42m unit [49m[39m src/App.test.tsx [2m([22m[2m1 test[22m[2m)[22m[32m 212[2mms[22m[39m
 [32mΓ£ô[39m [30m[42m unit [49m[39m src/components/layout/app-layout.test.tsx [2m([22m[2m4 tests[22m[2m)[22m[32m 259[2mms[22m[39m
stderr | src/components/ui/modal-dialog.test.tsx > ModalDialog > renders children content
Warning: Missing `Description` or `aria-describedby={undefined}` for {DialogContent}.

 [32mΓ£ô[39m [30m[42m unit [49m[39m src/hooks/use-orchestrator.test.ts [2m([22m[2m11 tests[22m[2m)[22m[33m 940[2mms[22m[39m
 [32mΓ£ô[39m [30m[42m unit [49m[39m src/components/ui/top-navigation.test.tsx [2m([22m[2m8 tests[22m[2m)[22m[33m 560[2mms[22m[39m
stderr | src/components/ui/modal-dialog.test.tsx > ModalDialog > renders footer when provided
Warning: Missing `Description` or `aria-describedby={undefined}` for {DialogContent}.

stderr | src/components/ui/modal-dialog.test.tsx > ModalDialog > has close button
Warning: Missing `Description` or `aria-describedby={undefined}` for {DialogContent}.

stderr | src/components/ui/modal-dialog.test.tsx > ModalDialog > calls onOpenChange when close button clicked
Warning: Missing `Description` or `aria-describedby={undefined}` for {DialogContent}.

stderr | src/components/ui/modal-dialog.test.tsx > ModalDialog > renders trigger button
Warning: Function components cannot be given refs. Attempts to access this ref will fail. Did you mean to use React.forwardRef()?

Check the render method of `Primitive.button.SlotClone`.
    at Button (D:/repositories/myAgentic-IT-Project-team-V2/src/webapp/ui/src/components/ui/button.tsx:38:3)
    at file:///D:/repositories/myAgentic-IT-Project-team-V2/src/webapp/ui/node_modules/@radix-ui/react-slot/dist/index.mjs:33:13
    at file:///D:/repositories/myAgentic-IT-Project-team-V2/src/webapp/ui/node_modules/@radix-ui/react-slot/dist/index.mjs:9:13
    at file:///D:/repositories/myAgentic-IT-Project-team-V2/src/webapp/ui/node_modules/@radix-ui/react-primitive/dist/index.mjs:28:13
    at file:///D:/repositories/myAgentic-IT-Project-team-V2/src/webapp/ui/node_modules/@radix-ui/react-dialog/dist/index.mjs:61:13
    at DialogTrigger (D:/repositories/myAgentic-IT-Project-team-V2/src/webapp/ui/src/components/ui/dialog.tsx:26:6)
    at Provider (file:///D:/repositories/myAgentic-IT-Project-team-V2/src/webapp/ui/node_modules/@radix-ui/react-context/dist/index.mjs:27:15)
    at Dialog (file:///D:/repositories/myAgentic-IT-Project-team-V2/src/webapp/ui/node_modules/@radix-ui/react-dialog/dist/index.mjs:25:5)
    at Dialog (D:/repositories/myAgentic-IT-Project-team-V2/src/webapp/ui/src/components/ui/dialog.tsx:17:6)
    at ModalDialog (D:/repositories/myAgentic-IT-Project-team-V2/src/webapp/ui/src/components/ui/modal-dialog.tsx:20:3)

 [32mΓ£ô[39m [30m[42m unit [49m[39m src/components/ui/modal-dialog.test.tsx [2m([22m[2m8 tests[22m[2m)[22m[33m 745[2mms[22m[39m
     [33m[2mΓ£ô[22m[39m renders with role=dialog [33m 358[2mms[22m[39m
 [32mΓ£ô[39m [30m[42m unit [49m[39m src/components/ui/confirm-dialog.test.tsx [2m([22m[2m6 tests[22m[2m)[22m[33m 797[2mms[22m[39m
     [33m[2mΓ£ô[22m[39m renders title and message [33m 366[2mms[22m[39m
 [32mΓ£ô[39m [30m[42m unit [49m[39m src/components/ui/data-table.test.tsx [2m([22m[2m7 tests[22m[2m)[22m[33m 605[2mms[22m[39m
     [33m[2mΓ£ô[22m[39m sorts on column header click [33m 317[2mms[22m[39m
 [32mΓ£ô[39m [30m[42m unit [49m[39m src/pages/pipeline/pipeline-page.test.tsx [2m([22m[2m5 tests[22m[2m)[22m[33m 494[2mms[22m[39m
 [32mΓ£ô[39m [30m[42m unit [49m[39m src/pages/dashboard/dashboard-page.test.tsx [2m([22m[2m12 tests[22m[2m)[22m[33m 663[2mms[22m[39m
 [32mΓ£ô[39m [30m[42m unit [49m[39m src/pages/command-center/command-center-page.test.tsx [2m([22m[2m6 tests[22m[2m)[22m[33m 775[2mms[22m[39m
     [33m[2mΓ£ô[22m[39m submit button enables when brief has text [33m 322[2mms[22m[39m
 [32mΓ£ô[39m [30m[42m unit [49m[39m src/pages/metrics/metrics-page.test.tsx [2m([22m[2m14 tests[22m[2m)[22m[33m 786[2mms[22m[39m
 [32mΓ£ô[39m [30m[42m unit [49m[39m src/lib/api-client.test.ts [2m([22m[2m8 tests[22m[2m)[22m[32m 7[2mms[22m[39m
 [32mΓ£ô[39m [30m[42m unit [49m[39m src/lib/query-keys.test.ts [2m([22m[2m5 tests[22m[2m)[22m[32m 5[2mms[22m[39m
 [32mΓ£ô[39m [30m[42m unit [49m[39m src/hooks/use-sse-events.test.ts [2m([22m[2m2 tests[22m[2m)[22m[32m 14[2mms[22m[39m
 [32mΓ£ô[39m [30m[42m unit [49m[39m src/components/ui/typography.test.tsx [2m([22m[2m13 tests[22m[2m)[22m[32m 38[2mms[22m[39m
 [32mΓ£ô[39m [30m[42m unit [49m[39m src/lib/routes.test.ts [2m([22m[2m4 tests[22m[2m)[22m[32m 5[2mms[22m[39m
 [32mΓ£ô[39m [30m[42m unit [49m[39m src/stores/ui-store.test.ts [2m([22m[2m5 tests[22m[2m)[22m[32m 5[2mms[22m[39m
 [32mΓ£ô[39m [30m[42m unit [49m[39m src/pages/questionnaires/questionnaires-page.test.tsx [2m([22m[2m10 tests[22m[2m)[22m[33m 1544[2mms[22m[39m
     [33m[2mΓ£ô[22m[39m enables save button when user types an answer [33m 469[2mms[22m[39m
ΓÄ»ΓÄ»ΓÄ»ΓÄ»ΓÄ»ΓÄ» Unhandled Errors ΓÄ»ΓÄ»ΓÄ»ΓÄ»ΓÄ»ΓÄ»

Vitest caught 1 unhandled error during the test run.
This might cause false positive tests. Resolve unhandled errors to make sure your tests are not affected.

ΓÄ»ΓÄ»ΓÄ»ΓÄ»ΓÄ»ΓÄ» Unhandled Error ΓÄ»ΓÄ»ΓÄ»ΓÄ»ΓÄ»ΓÄ»ΓÄ»
Error: [vitest-pool]: Worker forks emitted error.
 Γ¥» EventEmitter.<anonymous> node_modules/vitest/dist/chunks/cli-api.DuT9iuvY.js:3452:22
 Γ¥» EventEmitter.emit node:events:518:28
 Γ¥» ChildProcess.emitUnexpectedExit node_modules/vitest/dist/chunks/cli-api.DuT9iuvY.js:3019:22
 Γ¥» ChildProcess.emit node:events:518:28
 Γ¥» Process.ChildProcess._handle.onexit node:internal/child_process:293:12

Caused by: Error: Worker exited unexpectedly
^C
